src/components/Sidebar.tsx(3,46): error TS6133: 'Database' is declared but its value is never read.
src/features/admin/__tests__/MasterDriverList.sada.test.tsx(1,26): error TS6133: 'act' is declared but its value is never read.
src/features/admin/__tests__/MasterDriverList.sada.test.tsx(5,1): error TS6133: 'useMasterCRUD' is declared but its value is never read.
src/features/board/hooks/useBoardDragDrop.ts(24,5): error TS6133: 'setSplits' is declared but its value is never read.
src/features/board/ManualInjectionSADA.test.tsx(1,29): error TS6133: 'screen' is declared but its value is never read.
src/features/board/ManualInjectionSADA.test.tsx(1,37): error TS6133: 'waitFor' is declared but its value is never read.
src/hooks/useMasterCRUD.ts(19,23): error TS2769: No overload matches this call.
  Overload 1 of 2, '(relation: "master_collection_points" | "master_items" | "decision_proposals" | "profiles" | "items" | "drivers" | "master_vehicles" | "master_contractors" | "master_payees" | "customer_item_defaults" | ... 7 more ... | "splits"): PostgrestQueryBuilder<...>', gave the following error.
    Argument of type 'ViewName' is not assignable to parameter of type '"master_collection_points" | "master_items" | "decision_proposals" | "profiles" | "items" | "drivers" | "master_vehicles" | "master_contractors" | "master_payees" | "customer_item_defaults" | ... 7 more ... | "splits"'.
      Type '"view_master_points"' is not assignable to type '"master_collection_points" | "master_items" | "decision_proposals" | "profiles" | "items" | "drivers" | "master_vehicles" | "master_contractors" | "master_payees" | "customer_item_defaults" | ... 7 more ... | "splits"'.
  Overload 2 of 2, '(relation: "view_master_points" | "vehicles"): PostgrestQueryBuilder<{ PostgrestVersion: "14.1"; }, { Tables: { customer_item_defaults: { Row: { created_at: string; customer_id: string; item_id: string; }; Insert: { ...; }; Update: { ...; }; Relationships: [...]; }; ... 16 more ...; splits: { ...; }; }; Views: { ...; }; Functions: { ...; }; Enums: {}; CompositeTypes: {}; }, { ...; } | { ...; }, "view_master_points" | "vehicles", [] | [...]>', gave the following error.
    Argument of type 'ViewName' is not assignable to parameter of type '"view_master_points" | "vehicles"'.
      Type '"master_collection_points"' is not assignable to type '"view_master_points" | "vehicles"'.
src/test/ai/AITestBatcher.test.tsx(1,32): error TS6133: 'beforeEach' is declared but its value is never read.
src/test/ai/AITestBatcher.test.tsx(3,1): error TS6133: 'React' is declared but its value is never read.
src/test/ai/SemanticExtractor.test.tsx(2,1): error TS6133: 'React' is declared but its value is never read.
